src/features/scoring/components/ScorePanel.tsx(73,37): error TS2339: Property 'isOffline' does not exist on type 'ScoringState'.
src/features/scoring/components/ScorePanel.tsx(76,60): error TS2339: Property 'unsyncedCount' does not exist on type 'ScoringState'.
src/features/scoring/components/ScorePanel.tsx(91,37): error TS2551: Property 'syncState' does not exist on type 'ScoringState'. Did you mean 'syncStatus'?
src/features/scoring/components/ScorePanel.tsx(91,94): error TS2339: Property 'isOffline' does not exist on type 'ScoringState'.
src/features/scoring/components/UndoBottomSheet.tsx(21,26): error TS2551: Property 'syncState' does not exist on type 'ScoringState'. Did you mean 'syncStatus'?
src/features/scoring/components/wicket/WicketFlowSheet.tsx(15,48): error TS2551: Property 'syncState' does not exist on type 'ScoringState'. Did you mean 'syncStatus'?
src/features/scoring/scoringStore.ts(289,29): error TS6133: 'incoming' is declared but its value is never read.
